<area shape="rect" href="$classAccelStepperPositionSetter.html" title="Setter class that outputs its value to set the position of an AccelStepper." alt="" coords="109,5,291,32">
<area shape="rect" href="$classAccelStepperSpeedSetter.html" title="Setter class that outputs its value to set the speed of an AccelStepper." alt="" coords="115,56,285,83">
<area shape="rect" href="$classAnalogSetter.html" title="Setter class that sets its value to an analog output pin." alt="" coords="152,107,248,133">
<area shape="rect" href="$classDifferentialLRSetter.html" title="Setter class cluster that provides the left&#45;right input to a DifferentialSetter." alt="" coords="133,157,267,184">
<area shape="rect" href="$classDifferentialSetter.html" title="Setter class cluster that controls 2 analog outputs based on 2 analog inputs so that..." alt="" coords="141,208,259,235">
<area shape="rect" href="$classDigitalSetter.html" title="Setter class that sets its value to an analog output pin." alt="" coords="155,259,245,285">
<area shape="rect" href="$classHBridgeSetter.html" title="Setter class that outputs its value to a HBridge configured on 2 output Setter." alt="" coords="149,309,251,336">
<area shape="rect" href="$classInverter.html" title="Setter object that inverts its value." alt="" coords="168,360,232,387">
<area shape="rect" href="$classLimiter.html" title="Setter class that limits its output to between specified min and max values." alt="" coords="171,411,229,437">
<area shape="rect" href="$classLinear.html" title="Setter class that implements linear transform of its input value." alt="" coords="172,461,228,488">
<area shape="rect" href="$classServoSetter.html" title="Setter class that limits its input to between specified min and max values." alt="" coords="155,512,245,539">
<area shape="rect" href="$classSetterDebug.html" title="Class for testing Setters. Used by the sample TestSuite sketch." alt="" coords="153,563,247,589">
